<html>
<body>
<pre>
<h1>µVision Build Log</h1>
<h2>Project:</h2>
C:\Users\Krzysztof Iskra\Desktop\test\test.uvproj
Project File Date:  04/14/2026

<h2>Output:</h2>
Rebuild target 'Target 1'
assembling Startup.s...
compiling main.c...
timer.h(2): warning:  #1-D: last line of file ends without a newline
main.c(14): warning:  #1-D: last line of file ends without a newline
compiling led.c...
compiling keyboard.c...
compiling timer.c...
timer.h(2): warning:  #1-D: last line of file ends without a newline
timer.c(23): warning:  #1-D: last line of file ends without a newline
linking...
Program Size: Code=1360 RO-data=32 RW-data=4 ZI-data=1260  
FromELF: creating hex file...
".\test.axf" - 0 Errors, 4 Warning(s).
Rebuild target 'Target 1'
assembling Startup.s...
compiling main.c...
compiling led.c...
compiling keyboard.c...
compiling timer.c...
linking...
Program Size: Code=1360 RO-data=32 RW-data=4 ZI-data=1260  
FromELF: creating hex file...
".\test.axf" - 0 Errors, 0 Warning(s).
Rebuild target 'Target 1'
assembling Startup.s...
compiling main.c...
compiling led.c...
compiling keyboard.c...
compiling timer.c...
linking...
Program Size: Code=1360 RO-data=32 RW-data=4 ZI-data=1260  
FromELF: creating hex file...
".\test.axf" - 0 Errors, 0 Warning(s).
Rebuild target 'Target 1'
assembling Startup.s...
compiling main.c...
timer.h(4): warning:  #1-D: last line of file ends without a newline
compiling led.c...
compiling keyboard.c...
compiling timer.c...
timer.h(4): warning:  #1-D: last line of file ends without a newline
timer.c(44): warning:  #1-D: last line of file ends without a newline
linking...
Program Size: Code=1484 RO-data=32 RW-data=4 ZI-data=1260  
FromELF: creating hex file...
".\test.axf" - 0 Errors, 3 Warning(s).
Rebuild target 'Target 1'
assembling Startup.s...
compiling main.c...
compiling led.c...
compiling keyboard.c...
compiling timer.c...
linking...
Program Size: Code=1484 RO-data=32 RW-data=4 ZI-data=1260  
FromELF: creating hex file...
".\test.axf" - 0 Errors, 0 Warning(s).
Rebuild target 'Target 1'
assembling Startup.s...
compiling main.c...
compiling led.c...
compiling keyboard.c...
compiling timer.c...
linking...
Program Size: Code=1500 RO-data=32 RW-data=4 ZI-data=1260  
FromELF: creating hex file...
".\test.axf" - 0 Errors, 0 Warning(s).
Rebuild target 'Target 1'
assembling Startup.s...
compiling main.c...
compiling led.c...
compiling keyboard.c...
compiling timer.c...
linking...
Program Size: Code=1500 RO-data=32 RW-data=4 ZI-data=1260  
FromELF: creating hex file...
".\test.axf" - 0 Errors, 0 Warning(s).
Rebuild target 'Target 1'
assembling Startup.s...
compiling main.c...
compiling led.c...
compiling keyboard.c...
compiling timer.c...
linking...
Program Size: Code=1484 RO-data=32 RW-data=4 ZI-data=1260  
FromELF: creating hex file...
".\test.axf" - 0 Errors, 0 Warning(s).
Rebuild target 'Target 1'
assembling Startup.s...
compiling main.c...
compiling led.c...
compiling keyboard.c...
compiling timer.c...
linking...
Program Size: Code=1488 RO-data=32 RW-data=4 ZI-data=1260  
FromELF: creating hex file...
".\test.axf" - 0 Errors, 0 Warning(s).
Rebuild target 'Target 1'
assembling Startup.s...
compiling main.c...
compiling led.c...
compiling keyboard.c...
compiling timer.c...
linking...
Program Size: Code=1348 RO-data=32 RW-data=4 ZI-data=1260  
FromELF: creating hex file...
".\test.axf" - 0 Errors, 0 Warning(s).
Rebuild target 'Target 1'
assembling Startup.s...
compiling main.c...
compiling led.c...
compiling keyboard.c...
compiling timer.c...
linking...
Program Size: Code=1352 RO-data=32 RW-data=4 ZI-data=1260  
FromELF: creating hex file...
".\test.axf" - 0 Errors, 0 Warning(s).
Rebuild target 'Target 1'
assembling Startup.s...
compiling main.c...
compiling led.c...
compiling keyboard.c...
compiling timer.c...
linking...
Program Size: Code=1348 RO-data=32 RW-data=4 ZI-data=1260  
FromELF: creating hex file...
".\test.axf" - 0 Errors, 0 Warning(s).
Rebuild target 'Target 1'
assembling Startup.s...
compiling main.c...
compiling led.c...
compiling keyboard.c...
compiling timer.c...
linking...
Program Size: Code=1340 RO-data=32 RW-data=4 ZI-data=1260  
FromELF: creating hex file...
".\test.axf" - 0 Errors, 0 Warning(s).
